C51 COMPILER V9.60.0.0   MAIN                                                              04/10/2024 12:13:05 PAGE 1   


C51 COMPILER V9.60.0.0, COMPILATION OF MODULE MAIN
OBJECT MODULE PLACED IN main.OBJ
COMPILER INVOKED BY: D:\20217972\C51\BIN\C51.EXE main.c OPTIMIZE(8,SPEED) BROWSE DEBUG OBJECTEXTEND TABS(2)

line level    source

   1          /**********************************
   2          作者：单片机俱乐部
   3          网站：https://www.mcuclub.cn/
   4          **********************************/
   5          
   6          
   7          /**********************************
   8          包含头文件
   9          **********************************/
  10          #include "main.h"
  11          #include "lcd1602.h"
  12          #include "key.h"
  13          #include "ds18b20.h"
  14          #include "hc-sr04.h"
  15          #include "timer.h"
  16          
  17          
  18          /**********************************
  19          变量定义
  20          **********************************/
  21          uchar key_num = 0;                      //按键扫描标志位      
  22          uchar flag_display = 0;                 //显示界面标志位
  23          uint time_num = 0;                      //10ms计时变量
  24          int temp_value = 0;                     //温度值
  25          int temp_max = 30;                      //温度最大值
  26          int temp_min = 10;                      //温度最小值
  27          uchar temp_buf[8];                      //温度保存数值
  28          uint distance_value = 0;                //距离值
  29          uint distance_max = 12;                 //水位最大值
  30          uint distance_min = 5;                  //水位最小值
  31          uint distance_all = 15;                 //总高度
  32          uchar countdown_hour_old = 0;           //倒计时存储时
  33          char countdown_minute_old = 0;          //倒计时存储分
  34          char countdown_second_old = 0;          //倒计时存储秒
  35          uchar countdown_hour = 0;               //倒计时时
  36          char countdown_minute = 0;              //倒计时分
  37          char countdown_second = 0;              //倒计时秒
  38          bit flag_countdown_end = 0;             //倒计时结束标志位
  39          extern bit flag_timer_begin;            //计时开始标志位
  40          extern bit flag_1s;                     //1秒到达标志位
  41          uint time_count = 0;                    //计时变量
  42          
  43          
  44          /**********************************
  45          函数声明
  46          **********************************/
  47          void Delay_function(uint x);            //延时函数(ms)
  48          void Key_function(void);                //按键函数
  49          void Monitor_function(void);            //监测函数
  50          void Display_function(void);            //显示函数
  51          void Manage_function(void);             //处理函数
  52          
  53          
  54          /****
  55          ******* 主函数 
C51 COMPILER V9.60.0.0   MAIN                                                              04/10/2024 12:13:05 PAGE 2   

  56          *****/
  57          void main()
  58          {
  59   1        Lcd1602_Init();                       //LCD1602初始化
  60   1        Delay_function(50);                   //延时50ms
  61   1        lcd1602_clean();                      //清屏
  62   1        Delay_function(50);                   //延时50ms
  63   1        Ds18b20_Init();                       //DS18B20初始化
  64   1        Delay_function(50);                   //延时50ms
  65   1        Timer0_Init();                        //定时器0初使化
  66   1        Delay_function(50);                   //延时50ms
  67   1        
  68   1        while(1)
  69   1        {
  70   2          Key_function();                     //按键函数
  71   2          Monitor_function();                 //监测函数
  72   2          Display_function();                 //显示函数
  73   2          Manage_function();                  //处理函数
  74   2      
  75   2          Delay_function(10);                 //延时10ms
  76   2          time_num++;                         //计时变量+1
  77   2          if(time_num == 5000)
  78   2          {
  79   3            time_num = 0;
  80   3          }
  81   2        }
  82   1      }
  83          
  84          /****
  85          ******* 延时 x ms函数
  86          *****/
  87          void Delay_function(uint x)
  88          {
  89   1        uint m,n;
  90   1        for(m=x;m>0;m--)
  91   1        for(n=110;n>0;n--);
  92   1      }
  93          
  94          /****
  95          *******按键函数
  96          *****/
  97          void Key_function(void)
  98          {
  99   1        key_num = Chiclet_Keyboard_Scan(0);         //按键扫描
 100   1        if(key_num != 0)                            //有按键按下
 101   1        {
 102   2          switch(key_num)
 103   2          {
 104   3            case 1:                                 //按键1，切换设置界面
 105   3              flag_display++;
 106   3              if(flag_display >= 9)
 107   3                flag_display = 0;
 108   3              
 109   3              lcd1602_clean();
 110   3            break;
 111   3      
 112   3            case 2:                                 //按键2，加键
 113   3              switch(flag_display)
 114   3              {
 115   4                case 1:                             //界面1：温度最大值+1
 116   4                  if(temp_max < 99)
 117   4                    temp_max++;
C51 COMPILER V9.60.0.0   MAIN                                                              04/10/2024 12:13:05 PAGE 3   

 118   4                break;
 119   4      
 120   4                case 2:                             //界面2：温度最小值+1
 121   4                  if(temp_min < temp_max-1)
 122   4                    temp_min++;
 123   4                break;
 124   4                  
 125   4                case 3:                             //界面3：总高度值+1
 126   4                  if(distance_all < 500)
 127   4                    distance_all++;
 128   4                break;  
 129   4      
 130   4                case 4:                             //界面4：水位最大值+1
 131   4                  if(distance_max < (distance_all-1))
 132   4                    distance_max++;
 133   4                break;
 134   4                  
 135   4                case 5:                             //界面5：水位最小值+1
 136   4                  if(distance_min < distance_max-1)
 137   4                    distance_min++;
 138   4                break;
 139   4                  
 140   4                case 6:                             //界面6：倒计时时+1
 141   4                  if(countdown_hour_old < 100)
 142   4                    countdown_hour_old++;
 143   4                  countdown_hour = countdown_hour_old;
 144   4                break;
 145   4                  
 146   4                case 7:                             //界面7：倒计时分+1
 147   4                  countdown_minute_old++;
 148   4                  if(countdown_minute_old >= 60)
 149   4                    countdown_minute_old = 0;
 150   4                  countdown_minute = countdown_minute_old;
 151   4                break;
 152   4                  
 153   4                case 8:                             //界面8：倒计时秒+1
 154   4                  countdown_second_old++;
 155   4                  if(countdown_second_old >= 60)
 156   4                    countdown_second_old = 0;
 157   4                  countdown_second = countdown_second_old;
 158   4                break;
 159   4                
 160   4                default:
 161   4                break;
 162   4              }
 163   3            break;
 164   3      
 165   3            case 3:                                 //按键3，减键
 166   3              switch(flag_display)
 167   3              {
 168   4                case 1:                             //界面1：温度最大值-1
 169   4                  if(temp_max > temp_min+1)
 170   4                    temp_max--;
 171   4                break;
 172   4                
 173   4                case 2:                             //界面2：温度最小值-1
 174   4                  //if(temp_min > 0)
 175   4                    temp_min--;
 176   4                break;
 177   4                
 178   4                case 3:                             //界面3：总高度值-1
 179   4                  if(distance_all > (distance_max+1))
C51 COMPILER V9.60.0.0   MAIN                                                              04/10/2024 12:13:05 PAGE 4   

 180   4                    distance_all--;
 181   4                break;
 182   4                
 183   4                case 4:                             //界面4：水位最大值-1
 184   4                  if(distance_max > distance_min+1)
 185   4                    distance_max--;
 186   4                break;
 187   4                  
 188   4                case 5:                             //界面5：水位最小值-1
 189   4                  if(distance_min > 0)
 190   4                    distance_min--;
 191   4                break;
 192   4                  
 193   4                case 6:                             //界面6：倒计时时-1
 194   4                  if(countdown_hour_old > 0)
 195   4                    countdown_hour_old--;
 196   4                  countdown_hour = countdown_hour_old;
 197   4                break;
 198   4                  
 199   4                case 7:                             //界面7：倒计时分-1
 200   4                  countdown_minute_old--;
 201   4                  if(countdown_minute_old < 0)
 202   4                    countdown_minute_old = 59;
 203   4                  countdown_minute = countdown_minute_old;
 204   4                break;
 205   4                  
 206   4                case 8:                             //界面8：倒计时秒-1
 207   4                  countdown_second_old--;
 208   4                  if(countdown_second_old < 0)
 209   4                    countdown_second_old = 59;
 210   4                  countdown_second = countdown_second_old;
 211   4                break;
 212   4                
 213   4                default:
 214   4                break;
 215   4              }
 216   3            break;
 217   3      
 218   3            default:
 219   3            break;
 220   3          }
 221   2        }
 222   1      }
 223          
 224          /****
 225          *******监测函数
 226          *****/
 227          void Monitor_function(void)
 228          {
 229   1        if(time_num % 10 == 0)                                      //100ms检测一次
 230   1        {
 231   2          temp_value = Ds18b20_Read_Temp();                         //获取温度值
 232   2          distance_value = Hcsr04_GetDistance(temp_value/10);       //获取距离值
 233   2          if(distance_value > distance_all)                         //计算剩余水位
 234   2            distance_value = 0;
 235   2          else
 236   2            distance_value = distance_all - distance_value;
 237   2        }
 238   1      }
 239          
 240          /****
 241          *******显示函数
C51 COMPILER V9.60.0.0   MAIN                                                              04/10/2024 12:13:05 PAGE 5   

 242          *****/
 243          void Display_function(void)
 244          {
 245   1        switch(flag_display)                                        //根据不同的显示模式标志位，显示不同的界面
 246   1        {
 247   2          case 0:                                                   //界面0
 248   2            lcd1602_display_str(1,0,"Temp:");                       //显示温度测量值
 249   2            lcd1602_display_temp(1,5,temp_value);
 250   2      
 251   2            lcd1602_display_str(2,0,"D:");                          //显示剩余水位
 252   2            lcd1602_display_distance(2,2,distance_value);
 253   2                      
 254   2            lcd1602_display_countdown(2,8,countdown_hour,countdown_minute,countdown_second);    //显示倒计时时间
 255   2          break;
 256   2      
 257   2          case 1:                                                   //界面1，显示设置最大温度
 258   2            lcd1602_display_str(1,2,"Set Temp Max");
 259   2            if(time_num % 20 == 0)
 260   2            {
 261   3              sprintf(temp_buf,"%d",temp_max);
 262   3              lcd1602_display_str(2,7,temp_buf);
 263   3            }
 264   2            if(time_num % 40 == 0)
 265   2            {
 266   3              lcd1602_display_str(2,7,"    ");
 267   3            }
 268   2          break;
 269   2            
 270   2          case 2:                                                   //界面2，显示设置最小温度
 271   2            lcd1602_display_str(1,2,"Set Temp Min");
 272   2            if(time_num % 20 == 0)
 273   2            {
 274   3              sprintf(temp_buf,"%d",temp_min);
 275   3              lcd1602_display_str(2,7,temp_buf);
 276   3            }
 277   2            if(time_num % 40 == 0)
 278   2            {
 279   3              lcd1602_display_str(2,7,"    ");
 280   3            }
 281   2          break;
 282   2            
 283   2          case 3:                                                   //界面3：显示设置总高度
 284   2            lcd1602_display_str(1,2,"Set Dist All");
 285   2            if(time_num % 20 == 0)
 286   2            {
 287   3              lcd1602_display_num(2,7,distance_all);
 288   3            }
 289   2            if(time_num % 40 == 0)
 290   2            {
 291   3              lcd1602_display_str(2,7,"    ");
 292   3            }
 293   2          break;
 294   2          
 295   2          case 4:                                                   //界面4：显示设置水位最大值
 296   2            lcd1602_display_str(1,2,"Set Dist Max");
 297   2            if(time_num % 20 == 0)
 298   2            {
 299   3              lcd1602_display_num(2,7,distance_max);
 300   3            }
 301   2            if(time_num % 40 == 0)
 302   2            {
 303   3              lcd1602_display_str(2,7,"    ");
C51 COMPILER V9.60.0.0   MAIN                                                              04/10/2024 12:13:05 PAGE 6   

 304   3            }
 305   2          break;
 306   2            
 307   2          case 5:                                                   //界面5：显示设置水位最小值
 308   2            lcd1602_display_str(1,2,"Set Dist Min");
 309   2            if(time_num % 20 == 0)
 310   2            {
 311   3              lcd1602_display_num(2,7,distance_min);
 312   3            }
 313   2            if(time_num % 40 == 0)
 314   2            {
 315   3              lcd1602_display_str(2,7,"    ");
 316   3            }
 317   2          break;
 318   2            
 319   2          case 6:                                                   //界面6：显示设置倒计时时
 320   2            lcd1602_display_str(1,4,"Set Time");
 321   2            if(time_num % 20 == 0)
 322   2            {
 323   3              lcd1602_display_countdown(2,4,countdown_hour_old,countdown_minute_old,countdown_second_old);
 324   3            }
 325   2            if(time_num % 40 == 0)
 326   2            {
 327   3              lcd1602_display_str(2,4,"  ");
 328   3            }
 329   2          break;
 330   2            
 331   2          case 7:                                                   //界面7：显示设置倒计时分
 332   2            lcd1602_display_str(1,4,"Set Time");
 333   2            if(time_num % 20 == 0)
 334   2            {
 335   3              lcd1602_display_countdown(2,4,countdown_hour_old,countdown_minute_old,countdown_second_old);
 336   3            }
 337   2            if(time_num % 40 == 0)
 338   2            {
 339   3              lcd1602_display_str(2,7,"  ");
 340   3            }
 341   2          break;
 342   2            
 343   2          case 8:                                                   //界面8：显示设置倒计时秒
 344   2            lcd1602_display_str(1,4,"Set Time");
 345   2            if(time_num % 20 == 0)
 346   2            {
 347   3              lcd1602_display_countdown(2,4,countdown_hour_old,countdown_minute_old,countdown_second_old);
 348   3            }
 349   2            if(time_num % 40 == 0)
 350   2            {
 351   3              lcd1602_display_str(2,10,"  ");
 352   3            }
 353   2          break;
 354   2      
 355   2          default:
 356   2          break;
 357   2        }
 358   1      }
 359          
 360          /****
 361          *******处理函数
 362          *****/
 363          void Manage_function(void)
 364          {
 365   1        if(flag_display == 0)                                   //测量界面
C51 COMPILER V9.60.0.0   MAIN                                                              04/10/2024 12:13:05 PAGE 7   

 366   1        {
 367   2          if(temp_value > temp_max*10)                          //温度大于设置最大值，制冷继电器闭合
 368   2          {
 369   3            RELAY_ZL = 0;
 370   3            RELAY_JR = 1;
 371   3          }
 372   2          else if(temp_value < temp_min*10)                     //温度小于设置最小值，加热继电器闭合
 373   2          {
 374   3            RELAY_ZL = 1;
 375   3            RELAY_JR = 0;
 376   3          }
 377   2          else                                                  //温度处于设置的上下限值之间，两个继电器断开
 378   2          {
 379   3            RELAY_ZL = 1;
 380   3            RELAY_JR = 1;
 381   3          }
 382   2          
 383   2          if(distance_value < distance_min)                     //水位值小于设置最小值，加水继电器闭合，并声光报警
 384   2          {
 385   3            RELAY_JS = 0;
 386   3            RELAY_CS = 1;
 387   3            if(time_num % 20 == 0)
 388   3            {
 389   4              LED = ~LED;
 390   4              BEEP = ~BEEP;
 391   4            }
 392   3          }
 393   2          else if(distance_value > distance_max)                //水位值大于设置最大值，抽水继电器闭合，并声光报警
 394   2          {
 395   3            RELAY_JS = 1;
 396   3            RELAY_CS = 0;
 397   3            if(time_num % 20 == 0)
 398   3            {
 399   4              LED = ~LED;
 400   4              BEEP = ~BEEP;
 401   4            }
 402   3          }
 403   2          else                                                  //水位值处于上下限值之间，两个继电器断开，并取消声光报警
 404   2          {
 405   3            RELAY_JS = 1;
 406   3            RELAY_CS = 1;
 407   3            LED = 1;
 408   3            BEEP = 1;
 409   3          }
 410   2          
 411   2          if(countdown_hour != 0 || countdown_minute != 0 || countdown_second != 0)     //换水倒计时不为0
 412   2            flag_timer_begin = 1;                                                       //开始倒计时，进入定时器中断
 413   2          
 414   2          if(flag_1s == 1)                                                              //1s到达，倒计时-1s
 415   2          {
 416   3            flag_1s = 0;
 417   3            if(countdown_second > 0)                                                    //倒计时秒>0
 418   3              countdown_second--;                                                       //倒计时秒-1
 419   3            else                                                                        //倒计时秒=0
 420   3            {
 421   4              if(countdown_minute > 0)                                                  //如果倒计时分>0
 422   4              {
 423   5                countdown_minute--;                                                     //倒计时分-1
 424   5                countdown_second = 59;                                                  //倒计时秒=59
 425   5              }
 426   4              else                                                                      //如果倒计时分=0
 427   4              {
C51 COMPILER V9.60.0.0   MAIN                                                              04/10/2024 12:13:05 PAGE 8   

 428   5                if(countdown_hour > 0)                                                  //如果倒计时时>0
 429   5                {
 430   6                  countdown_hour--;                                                     //倒计时时-1
 431   6                  countdown_minute = 59;                                                //倒计时分=59
 432   6                  countdown_second = 59;                                                //倒计时秒=59
 433   6                }
 434   5                else                                                                    //如果倒计时时=0，倒计时结束
 435   5                {
 436   6                  flag_timer_begin = 0;
 437   6                  flag_countdown_end = 1;
 438   6                }
 439   5              }
 440   4            }
 441   3          }
 442   2          
 443   2          if(flag_countdown_end == 1)                                                   //倒计时结束
 444   2          {
 445   3            LED = 1;
 446   3            BEEP = 1;
 447   3      
 448   3            do                                                                          //开始抽水，直到水位小于最小值
 449   3            {
 450   4              RELAY_JS = 1;
 451   4              RELAY_CS = 0;
 452   4              
 453   4              if(time_count % 10 == 0)
 454   4              {
 455   5                distance_value = Hcsr04_GetDistance(temp_value/10);
 456   5                if(distance_value > distance_all)
 457   5                  distance_value = 0;
 458   5                else
 459   5                  distance_value = distance_all - distance_value;
 460   5                
 461   5                lcd1602_display_str(2,0,"D:");
 462   5                lcd1602_display_distance(2,2,distance_value);
 463   5              }
 464   4      
 465   4              Delay_function(10);
 466   4              time_count++;
 467   4              if(time_count > 5000)
 468   4                time_count = 0;
 469   4              
 470   4            }while(distance_value >= distance_min);
 471   3            
 472   3            time_count = 0;
 473   3            
 474   3            do                                                                          //抽水完成后，开始加水，直到水位大于最大值
 475   3            {
 476   4              RELAY_JS = 0;
 477   4              RELAY_CS = 1;
 478   4              
 479   4              if(time_count % 10 == 0)
 480   4              {
 481   5                distance_value = Hcsr04_GetDistance(temp_value/10);
 482   5                if(distance_value > distance_all)
 483   5                  distance_value = 0;
 484   5                else
 485   5                  distance_value = distance_all - distance_value;
 486   5                
 487   5                lcd1602_display_str(2,0,"D:");
 488   5                lcd1602_display_distance(2,2,distance_value);
 489   5              }
C51 COMPILER V9.60.0.0   MAIN                                                              04/10/2024 12:13:05 PAGE 9   

 490   4      
 491   4              Delay_function(10);
 492   4              time_count++;
 493   4              if(time_count > 5000)
 494   4                time_count = 0;
 495   4      
 496   4            }while(distance_value < distance_max);
 497   3            
 498   3            time_count = 0;
 499   3            RELAY_JS = 1;
 500   3            RELAY_CS = 1;
 501   3            
 502   3            flag_countdown_end = 0;
 503   3            countdown_hour = countdown_hour_old;                                          //重新赋值倒计时时间
 504   3            countdown_minute = countdown_minute_old;
 505   3            countdown_second = countdown_second_old;
 506   3          }
 507   2        }
 508   1        else                                                                              //设置界面，所有继电器断开，声光报警取消
 509   1        {
 510   2          RELAY_ZL = 1;
 511   2          RELAY_JR = 1;
 512   2          RELAY_JS = 1;
 513   2          RELAY_CS = 1;
 514   2          LED = 1;
 515   2          BEEP = 1;
 516   2        }
 517   1      }
 518          


MODULE INFORMATION:   STATIC OVERLAYABLE
   CODE SIZE        =   2018    ----
   CONSTANT SIZE    =     94    ----
   XDATA SIZE       =   ----    ----
   PDATA SIZE       =   ----    ----
   DATA SIZE        =     34    ----
   IDATA SIZE       =   ----    ----
   BIT SIZE         =      1    ----
END OF MODULE INFORMATION.


C51 COMPILATION COMPLETE.  0 WARNING(S),  0 ERROR(S)
